rm modules/ecs/variables.tfrm: cannot remove 'modules/networking/outputs.tf': No such file or directory
rae@Rae:/mnt/c/Users/KHARDZ/Desktop/Week 3/Oaktree/terraform$ rm modules/networking/variables.tf
rm: cannot remove 'modules/networking/variables.tf': No such file or directory
rae@Rae:/mnt/c/Users/KHARDZ/Desktop/Week 3/Oaktree/terraform$ rm modules/ecr/outputs.tf
rm: cannot remove 'modules/ecr/outputs.tf': No such file or directory
rae@Rae:/mnt/c/Users/KHARDZ/Desktop/Week 3/Oaktree/terraform$ rm modules/ecr/variables.tf
rm: cannot remove 'modules/ecr/variables.tf': No such file or directory
rae@Rae:/mnt/c/Users/KHARDZ/Desktop/Week 3/Oaktree/terraform$ rm modules/ecs/outputs.tf
rm: cannot remove 'modules/ecs/outputs.tf': No such file or directory
rae@Rae:/mnt/c/Users/KHARDZ/Desktop/Week 3/Oaktree/terraform$ rm modules/ecs/variables.tf
rm: cannot remove 'modules/ecs/variables.tf': No such file or directory
rae@Rae:/mnt/c/Users/KHARDZ/Desktop/Week 3/Oaktree/terraform$ terraform init
Initializing the backend...
Initializing modules...
Initializing provider plugins...
- Reusing previous version of hashicorp/aws from the dependency lock file
- Using previously-installed hashicorp/aws v4.67.0

Terraform has been successfully initialized!

You may now begin working with Terraform. Try running "terraform plan" to see
any changes that are required for your infrastructure. All Terraform commands
should now work.

If you ever set or change modules or backend configuration for Terraform,
rerun this command to reinitialize your working directory. If you forget, other
commands will detect it and remind you to do so if necessary.
rae@Rae:/mnt/c/Users/KHARDZ/Desktop/Week 3/Oaktree/terraform$ terraform plan -out=tfplan
╷
│ Error: Value for unconfigurable attribute
│
│   with module.networking.aws_eip.nat,
│   on modules/networking/main.tf line 90, in resource "aws_eip" "nat":
│   90:   domain     = "vpc"
│
│ Can't configure a value for "domain": its value will be decided automatically based on the result of applying this
│ configuration.
╵
rae@Rae:/mnt/c/Users/KHARDZ/Desktop/Week 3/Oaktree/terraform$


