~/workspace$ git rebase --abort
 Environment rebuilding in the background...
~/workspace$ git checkout main
Switched to branch 'main'
 Environment rebuilding in the background...
 Environment updated. Reloading shell...
~/workspace$ git checkout -b Week-3
fatal: a branch named 'Week-3' already exists
 Environment rebuilding in the background...
~/workspace$ git checkout Week-3
Switched to branch 'Week-3'
Your branch and 'origin/Week-3' have diverged,
and have 51 and 1 different commits each, respectively.
  (use "git pull" if you want to integrate the remote branch with yours)
 Environment rebuilding in the background...
~/workspace$ git status
On branch Week-3
Your branch and 'origin/Week-3' have diverged,
and have 51 and 1 different commits each, respectively.
  (use "git pull" if you want to integrate the remote branch with yours)

Untracked files:
  (use "git add <file>..." to include in what will be committed)
    oaktree-week3-project.zip

nothing added to commit but untracked files present (use "git add" to track)
 Environment updated. Reloading shell...
~/workspace$ git add server.js Dockerfile package.json terraform/* modules/*
fatal: pathspec 'server.js' did not match any files
~/workspace$ git add .
~/workspace$ git commit -m "Update cloud infrastructure project for Week 3 milestone"
[Week-3 d511f45] Update cloud infrastructure project for Week 3 milestone
 1 file changed, 0 insertions(+), 0 deletions(-)
 create mode 100644 oaktree-week3-project.zip
~/workspace$ git reset --soft HEAD~1
~/workspace$ 
~/workspace$ echo "oaktree-week3-project.zip" >> .gitignore
~/workspace$ git status
git reset
git add server.js Dockerfile package.json main.tf variables.tf outputs.tf providers.tf
git add modules/ecr modules/ecs modules/networking
git add -u
git status
On branch Week-3
Your branch and 'origin/Week-3' have diverged,
and have 51 and 1 different commits each, respectively.
  (use "git pull" if you want to integrate the remote branch with yours)

Changes to be committed:
  (use "git restore --staged <file>..." to unstage)
    new file:   oaktree-week3-project.zip

Changes not staged for commit:
  (use "git add <file>..." to update what will be committed)
  (use "git restore <file>..." to discard changes in working directory)
    modified:   .gitignore

Unstaged changes after reset:
M   .gitignore
fatal: pathspec 'server.js' did not match any files
fatal: pathspec 'modules/ecr' did not match any files
On branch Week-3
Your branch and 'origin/Week-3' have diverged,
and have 51 and 1 different commits each, respectively.
  (use "git pull" if you want to integrate the remote branch with yours)

Changes to be committed:
  (use "git restore --staged <file>..." to unstage)
    modified:   .gitignore

~/workspace$ git commit -m "Update cloud infrastructure project for Week 3 milestone"
[Week-3 bb1d1fd] Update cloud infrastructure project for Week 3 milestone
 1 file changed, 1 insertion(+)
~/workspace$ 
~/workspace$ git push -u origin Week-3 -f
Enumerating objects: 196, done.
Counting objects: 100% (196/196), done.
Delta compression using up to 8 threads
Compressing objects: 100% (193/193), done.
Writing objects: 100% (193/193), 1.40 MiB | 2.53 MiB/s, done.
Total 193 (delta 84), reused 0 (delta 0), pack-reused 0 (from 0)
remote: Resolving deltas: 100% (84/84), completed with 1 local object.
remote: error: GH013: Repository rule violations found for refs/heads/Week-3.
remote: 
remote: - GITHUB PUSH PROTECTION
remote:   —————————————————————————————————————————
remote:     Resolve the following violations before pushing again
remote: 
remote:     - Push cannot contain secrets
remote: 
remote:     
remote:      (?) Learn how to resolve a blocked push
remote:      https://docs.github.com/code-security/secret-scanning/working-with-secret-scanning-and-push-protection/working-with-push-protection-from-the-command-line#resolving-a-blocked-push
remote:     
remote:     
remote:       —— GitHub Personal Access Token ——————————————————————
remote:        locations:
remote:          - commit: 8287493ba7085b60872c6a21b4611b518b083601
remote:            path: attached_assets/Pasted--fatal-unable-to-auto-detect-email-address-got-runner-f602f79822a0-none-recovery-mode-ho-1743759429519.txt:5
remote:     
remote:        (?) To push, remove secret from commit(s) or follow this URL to allow the secret.
remote:        https://github.com/draiimon/Oaktree/security/secret-scanning/unblock-secret/2vG7aOlHKhg5kiBFpKPVTj4HRgG
remote:     
remote: 
remote: 
To https://github.com/draiimon/Oaktree.git
 ! [remote rejected] Week-3 -> Week-3 (push declined due to repository rule violations)
error: failed to push some refs to 'https://github.com/draiimon/Oaktree.git'
~/workspace$ 